============================================================
RAG TEST 1/3 ΓÇö Trß╗ú l├╜ Kß╗╣ thuß║¡t (Gemini) ΓÇö API authentication
============================================================
docker : 
At line:1 char:1
+ docker compose -f d:\Project\tracimexco-web\docker-compose.dev.yml ex ...
+ ~~~~~~~~~~~~~~~~~~~~~~~~~~~~~~~~~~~~~~~~~~~~~~~~~~~~~~~~~~~~~~~~~~~~~
    + CategoryInfo          : NotSpecified: (:String) [], RemoteException
    + FullyQualifiedErrorId : NativeCommandError
 
def group(self, tasks, result, group_id, partial_args, add_to_parent=0):
    return 1


def xmap(task, it):
    return 1


def backend_cleanup():
    return 1


def task_mark_key_used(self, key_id):
    return 1


def chain(*args, **kwargs):
    return 1


def xstarmap(task, it):
    return 1


def accumulate(self, *args, **kwargs):
    return 1


def send_password_reset_email(self, user_email, reset_link):
    return 1


def chord(self, header, body, partial_args=0, interval=1, countdown=2, 
max_retries=3, eager=4, **kwargs):
    return 1


def chunks(task, it, n):
    return 1


def unlock_chord(self, group_id, callback, interval=0, max_retries=1, 
result=2, Result=3, GroupResult=4, result_from_tuple=5, **kwargs):
    return 1


def send_welcome_email(self, user_email, user_name):
    return 1


def task_process_document(self, document_id):
    return 1


def task_build_graph(self, knowledge_base_id):
    return 1


def task_rebuild_graph(self, knowledge_base_id):
    return 1


def task_log_usage(data):
    return 1

Sources (6):
  - [0.90] T├ái liß╗çu API T├¡ch hß╗úp: # T├ái liß╗çu API Tracimexco

## X├íc thß╗▒c
Tß║Ñt cß║ú API y├¬u cß║ºu Bearer token trong hea
  - [0.50] T├ái liß╗çu API T├¡ch hß╗úp: /api/v1/orders` ΓÇö Tß║ío ─æ╞ín h├áng
- `GET /api/v1/orders/{id}/status` ΓÇö Trß║íng th├íi ─æ
  - [0.50] FAQ Kß╗╣ thuß║¡t Th╞░ß╗¥ng gß║╖p: # FAQ Kß╗╣ thuß║¡t Th╞░ß╗¥ng gß║╖p

## Vß║Ñn ─æß╗ü ─É─âng nhß║¡p
**Q: Kh├┤ng ─æ─âng nhß║¡p ─æ╞░ß╗úc v├áo hß╗ç 
  - [0.50] FAQ Kß╗╣ thuß║¡t Th╞░ß╗¥ng gß║╖p: ome/Edge phi├¬n bß║ún mß╗¢i nhß║Ñt; (3) kiß╗âm tra kß║┐t nß╗æi mß║íng; (4) b├ío c├ío IT nß║┐u to├án 
  - [0.50] Quy tr├¼nh Xß╗¡ l├╜ Y├¬u cß║ºu IT: # Quy tr├¼nh Xß╗¡ l├╜ Y├¬u cß║ºu IT

## Tß║ío Ticket Hß╗ù trß╗ú
1. Truy cß║¡p helpdesk.tracimex
  - [0.50] Quy tr├¼nh Xß╗¡ l├╜ Y├¬u cß║ºu IT: ß║⌐n cß║Ñp
- Hotline IT: 1900-xxxx (nß╗Öi bß╗Ö: 1234)
- Email: it-support@tracimexco.com

Answer:
─Éß╗â x├íc thß╗▒c API Tracimexco, bß║ín cß║ºn sß╗¡ dß╗Ñng Bearer token trong header `Authorization`. V├¡ dß╗Ñ:

```
Authorization: Bearer <your-api-key>
```

Nguß╗ôn: [1]


============================================================
RAG TEST 2/3 ΓÇö Trß╗ú l├╜ Kß╗╣ thuß║¡t (Gemini) ΓÇö SLA ticket
============================================================
Sources (6):
  - [0.90] Quy tr├¼nh Xß╗¡ l├╜ Y├¬u cß║ºu IT: # Quy tr├¼nh Xß╗¡ l├╜ Y├¬u cß║ºu IT

## Tß║ío Ticket Hß╗ù trß╗ú
1. Truy cß║¡p helpdesk.tracimex
  - [0.70] H╞░ß╗¢ng dß║½n Sß╗¡ dß╗Ñng Hß╗ç thß╗æng Nß╗Öi bß╗Ö: # Hß╗ç thß╗æng Nß╗Öi bß╗Ö Tracimexco

## C├┤ng cß╗Ñ Giao tiß║┐p
- **Slack**: K├¬nh li├¬n lß║íc ch
  - [0.60] T├ái liß╗çu API T├¡ch hß╗úp: # T├ái liß╗çu API Tracimexco

## X├íc thß╗▒c
Tß║Ñt cß║ú API y├¬u cß║ºu Bearer token trong hea
  - [0.60] Quy tr├¼nh Onboarding Nh├ón vi├¬n Mß╗¢i: ß║ºn/tuß║ºn

## Cuß╗æi th├íng thß╗¡ viß╗çc
- ─É├ính gi├í 360┬░ vß╗¢i quß║ún l├╜ trß╗▒c tiß║┐p
- Nß╗Öp b├ío 
  - [0.50] Quy tr├¼nh Xß╗¡ l├╜ Y├¬u cß║ºu IT: ß║⌐n cß║Ñp
- Hotline IT: 1900-xxxx (nß╗Öi bß╗Ö: 1234)
- Email: it-support@tracimexco.com
  - [0.50] Quy tr├¼nh Onboarding Nh├ón vi├¬n Mß╗¢i: # Quy tr├¼nh Onboarding Nh├ón vi├¬n Mß╗¢i

## Tuß║ºn 1: L├ám quen m├┤i tr╞░ß╗¥ng
- Nhß║¡n thiß║┐

Answer:
- Y├¬u cß║ºu Critical: phß║ún hß╗ôi trong 1 giß╗¥, xß╗¡ l├╜ trong 4 giß╗¥ (Nguß╗ôn: [1])
- Hotline IT: 1900-xxxx (nß╗Öi bß╗Ö: 1234) (Nguß╗ôn: [1], [5])


============================================================
RAG TEST 3/3 ΓÇö Trß╗ú l├╜ Kh├ích h├áng (OpenAI instance) ΓÇö gi├í ERP
============================================================
Bß╗Å qua (OpenAI key kh├┤ng c├│): Lß╗ùi gß╗ìi Gemini API: 400 API key not valid. Please pass a valid API key. [reason: "API_KEY_INVALID"
domain: "googleapis.com"
metadata {
  key: "service"
  value: "generativelanguage.googleapis.com"
}
, locale: "en-US"
message: "API key not valid. Please pass a valid API key."
]

============================================================
CONTENTS TEST 1/4 ΓÇö AIGenerationService (RAG full_post)
============================================================
Gemini API call failed: 400 API key not valid. Please pass a valid API key. 
[reason: "API_KEY_INVALID"
domain: "googleapis.com"
metadata {
  key: "service"
  value: "generativelanguage.googleapis.com"
}
, locale: "en-US"
message: "API key not valid. Please pass a valid API key."
]
Traceback (most recent call last):
  File 
"/usr/local/lib/python3.12/site-packages/google/api_core/grpc_helpers.py", 
line 55, in error_remapped_callable
    return callable_(*args, **kwargs)
           ^^^^^^^^^^^^^^^^^^^^^^^^^^
  File "/usr/local/lib/python3.12/site-packages/grpc/_channel.py", line 1159, 
in __call__
    return _end_unary_response_blocking(state, call, False, None)
           ^^^^^^^^^^^^^^^^^^^^^^^^^^^^^^^^^^^^^^^^^^^^^^^^^^^^^^
  File "/usr/local/lib/python3.12/site-packages/grpc/_channel.py", line 990, 
in _end_unary_response_blocking
    raise _InactiveRpcError(state)  # pytype: disable=not-instantiable
    ^^^^^^^^^^^^^^^^^^^^^^^^^^^^^^
grpc._channel._InactiveRpcError: <_InactiveRpcError of RPC that terminated 
with:
	status = StatusCode.INVALID_ARGUMENT
	details = "API key not valid. Please pass a valid API key."
	debug_error_string = "UNKNOWN:Error received from peer 
ipv4:142.250.197.234:443 {grpc_status:3, grpc_message:"API key not valid. 
Please pass a valid API key."}"
>

The above exception was the direct cause of the following exception:

Traceback (most recent call last):
  File "/app/apps/graph_rag/services/pipeline_service.py", line 304, in 
_generate_answer
    response = model.generate_content(full_prompt)
               ^^^^^^^^^^^^^^^^^^^^^^^^^^^^^^^^^^^
  File "/usr/local/lib/python3.12/site-packages/google/generativeai/generative_
models.py", line 331, in generate_content
    response = self._client.generate_content(
               ^^^^^^^^^^^^^^^^^^^^^^^^^^^^^^
  File "/usr/local/lib/python3.12/site-packages/google/ai/generativelanguage_v1
beta/services/generative_service/client.py", line 830, in generate_content
    response = rpc(
               ^^^^
  File 
"/usr/local/lib/python3.12/site-packages/google/api_core/gapic_v1/method.py", 
line 128, in __call__
    return wrapped_func(*args, **kwargs)
           ^^^^^^^^^^^^^^^^^^^^^^^^^^^^^
  File "/usr/local/lib/python3.12/site-packages/google/api_core/retry/retry_una
ry.py", line 294, in retry_wrapped_func
    return retry_target(
           ^^^^^^^^^^^^^
  File "/usr/local/lib/python3.12/site-packages/google/api_core/retry/retry_una
ry.py", line 156, in retry_target
    next_sleep = _retry_error_helper(
                 ^^^^^^^^^^^^^^^^^^^^
  File 
"/usr/local/lib/python3.12/site-packages/google/api_core/retry/retry_base.py", 
line 216, in _retry_error_helper
    raise final_exc from source_exc
  File "/usr/local/lib/python3.12/site-packages/google/api_core/retry/retry_una
ry.py", line 147, in retry_target
    result = target()
             ^^^^^^^^
  File "/usr/local/lib/python3.12/site-packages/google/api_core/timeout.py", 
line 130, in func_with_timeout
    return func(*args, **kwargs)
           ^^^^^^^^^^^^^^^^^^^^^
  File 
"/usr/local/lib/python3.12/site-packages/google/api_core/grpc_helpers.py", 
line 57, in error_remapped_callable
    raise exceptions.from_grpc_error(exc) from exc
google.api_core.exceptions.InvalidArgument: 400 API key not valid. Please pass 
a valid API key. [reason: "API_KEY_INVALID"
domain: "googleapis.com"
metadata {
  key: "service"
  value: "generativelanguage.googleapis.com"
}
, locale: "en-US"
message: "API key not valid. Please pass a valid API key."
]
Status: completed
Result:
Chß║»c chß║»n rß╗ôi, ─æ├óy l├á mß╗Öt b├ái ─æ─âng LinkedIn bß║ín c├│ thß╗â tham khß║úo, dß╗▒a tr├¬n t├ái liß╗çu kß╗╣ thuß║¡t cß╗ºa Tracimexco:

**Ti├¬u ─æß╗ü:** Bß║úo mß║¡t API: X├íc thß╗▒c Bearer Token trong t├¡ch hß╗úp Tracimexco

**Nß╗Öi dung:**

Ch├áo mß╗ìi ng╞░ß╗¥i! ≡ƒæï

Trong qu├í tr├¼nh t├¡ch hß╗úp API, bß║úo mß║¡t lu├┤n l├á ╞░u ti├¬n h├áng ─æß║ºu. Tß║íi Tracimexco, ch├║ng t├┤i sß╗¡ dß╗Ñng x├íc thß╗▒c Bearer token ─æß╗â ─æß║úm bß║úo an to├án cho dß╗» liß╗çu.

**X├íc thß╗▒c Bearer Token l├á g├¼?**

─É├óy l├á mß╗Öt ph╞░╞íng ph├íp x├íc thß╗▒c phß╗ò biß║┐n, trong ─æ├│ client gß╗¡i mß╗Öt token (chuß╗ùi k├╜ tß╗▒) trong he

============================================================
CONTENTS TEST 2/4 ΓÇö GeminiDirectService.suggest_hashtags
============================================================
Hashtags (8): ['#ERP', '#AISolutions', '#DigitalTransformation', '#Tracimexco', '#BusinessAutomation', '#EnterpriseSoftware', '#Technology', '#Innovation']

============================================================
CONTENTS TEST 3/4 ΓÇö GeminiDirectService.summarize
============================================================
Summary (244 k├╜ tß╗▒):
Tracimexco ra mß║»t ERP Suite Pro 3.0! ≡ƒÜÇ T├¡ch hß╗úp AI dß╗▒ b├ío tß╗ôn kho, tß╗æi ╞░u chuß╗ùi cung ß╗⌐ng & ph├ón t├¡ch dß╗» liß╗çu real-time. Giao diß╗çn mß╗¢i, t├¡ch hß╗úp >200 ß╗⌐ng dß╗Ñng. H╞ín 500 DN Viß╗çt tin d├╣ng. G├│i Business tß╗½ 50tr/n─âm, hß╗ù trß╗ú 24/7. #ERP #AI #Tracimexco

============================================================
CONTENTS TEST 4/4 ΓÇö translate EN + improve engagement
============================================================
Dß╗ïch EN:
We provide comprehensive, fast, and efficient enterprise management software solutions.

Improved (engagement):
Bß║ín ─æang vß║¡t lß╗Ön vß╗¢i viß╗çc quß║ún l├╜ doanh nghiß╗çp? ─É├ú ─æß║┐n l├║c kh├ím ph├í sß╗⌐c mß║ính cß╗ºa phß║ºn mß╗üm ERP! H├úy t╞░ß╗ƒng t╞░ß╗úng mß╗Öt hß╗ç thß╗æng c├│ thß╗â hß╗úp l├╜ h├│a mß╗ìi thß╗⌐, tß╗½ t├ái ch├¡nh ─æß║┐n chuß╗ùi cung ß╗⌐ng. Phß║ºn mß╗üm ERP cß╗ºa ch├║ng t├┤i kh├┤ng chß╗ë gi├║p bß║ín quß║ún l├╜ doanh nghiß╗çp, m├á c├▓n gi├║p bß║ín ph├ít triß╗ân. Bß║ín ─æ├ú sß║╡n s├áng ─æß╗â ─æ╞░a doanh nghiß╗çp cß╗ºa m├¼nh l├¬n mß╗Öt tß║ºm cao mß╗¢i ch╞░a? H├úy t├¼m hiß╗âu th├¬m v├á y├¬u cß║ºu bß║ún demo ngay h├┤m nay!

============================================================
ALL TESTS PASSED
============================================================
